Archive member included because of file (symbol)

c:/devkitPro/libnds/lib\libnds9.a(initSystem.o)
                              c:/devkitpro/devkitarm/bin/../lib/gcc/arm-eabi/4.4.2/../../../../arm-eabi/lib/thumb/ds_arm9_crt0.o (initSystem)
c:/devkitPro/libnds/lib\libnds9.a(fifosystem.o)
                              c:/devkitPro/libnds/lib\libnds9.a(initSystem.o) (fifoSetValue32Handler)
c:/devkitPro/libnds/lib\libnds9.a(interrupts.o)
                              c:/devkitPro/libnds/lib\libnds9.a(fifosystem.o) (irqSet)
c:/devkitPro/libnds/lib\libnds9.a(libnds_exit.o)
                              c:/devkitpro/devkitarm/bin/../lib/gcc/arm-eabi/4.4.2/../../../../arm-eabi/lib/thumb/ds_arm9_crt0.o (__libnds_exit)
c:/devkitPro/libnds/lib\libnds9.a(mpu_setup.o)
                              c:/devkitpro/devkitarm/bin/../lib/gcc/arm-eabi/4.4.2/../../../../arm-eabi/lib/thumb/ds_arm9_crt0.o (__libnds_mpu_setup)
c:/devkitPro/libnds/lib\libnds9.a(biosCalls.o)
                              c:/devkitPro/libnds/lib\libnds9.a(fifosystem.o) (swiIntrWait)
c:/devkitPro/libnds/lib\libnds9.a(interruptDispatcher.o)
                              c:/devkitPro/libnds/lib\libnds9.a(interrupts.o) (IntrMain)
c:/devkitPro/libnds/lib\libnds9.a(system.o)
                              c:/devkitPro/libnds/lib\libnds9.a(initSystem.o) (powerValueHandler)
c:/devkitpro/devkitarm/bin/../lib/gcc/arm-eabi/4.4.2/../../../../arm-eabi/lib/thumb\libg.a(lib_a-init.o)
                              c:/devkitpro/devkitarm/bin/../lib/gcc/arm-eabi/4.4.2/../../../../arm-eabi/lib/thumb/ds_arm9_crt0.o (__libc_init_array)
c:/devkitpro/devkitarm/bin/../lib/gcc/arm-eabi/4.4.2/../../../../arm-eabi/lib/thumb\libg.a(lib_a-memcpy.o)
                              c:/devkitPro/libnds/lib\libnds9.a(fifosystem.o) (memcpy)
c:/devkitpro/devkitarm/bin/../lib/gcc/arm-eabi/4.4.2/../../../../arm-eabi/lib/thumb\libsysbase.a(times.o)
                              c:/devkitPro/libnds/lib\libnds9.a(initSystem.o) (punixTime)
c:/devkitpro/devkitarm/bin/../lib/gcc/arm-eabi/4.4.2/../../../../arm-eabi/lib/thumb\libsysbase.a(malloc_vars.o)
                              c:/devkitpro/devkitarm/bin/../lib/gcc/arm-eabi/4.4.2/../../../../arm-eabi/lib/thumb/ds_arm9_crt0.o (fake_heap_end)
c:/devkitpro/devkitarm/bin/../lib/gcc/arm-eabi/4.4.2/../../../../arm-eabi/lib/thumb\libsysbase.a(build_argv.o)
                              c:/devkitpro/devkitarm/bin/../lib/gcc/arm-eabi/4.4.2/../../../../arm-eabi/lib/thumb/ds_arm9_crt0.o (build_argv)
c:/devkitpro/devkitarm/bin/../lib/gcc/arm-eabi/4.4.2/../../../../arm-eabi/lib/thumb\libg.a(lib_a-errno.o)
                              c:/devkitpro/devkitarm/bin/../lib/gcc/arm-eabi/4.4.2/../../../../arm-eabi/lib/thumb\libsysbase.a(times.o) (__errno)
c:/devkitpro/devkitarm/bin/../lib/gcc/arm-eabi/4.4.2/../../../../arm-eabi/lib/thumb\libg.a(lib_a-impure.o)
                              c:/devkitpro/devkitarm/bin/../lib/gcc/arm-eabi/4.4.2/../../../../arm-eabi/lib/thumb\libg.a(lib_a-errno.o) (_impure_ptr)

Allocating common symbols
Common symbol       size              file

fifo_datamsg_data   0x40              c:/devkitPro/libnds/lib\libnds9.a(fifosystem.o)
fifo_buffer         0x800             c:/devkitPro/libnds/lib\libnds9.a(fifosystem.o)
fifo_value32_func   0x40              c:/devkitPro/libnds/lib\libnds9.a(fifosystem.o)
fifo_address_func   0x40              c:/devkitPro/libnds/lib\libnds9.a(fifosystem.o)
fifo_value32_data   0x40              c:/devkitPro/libnds/lib\libnds9.a(fifosystem.o)
theTime             0x4               c:/devkitPro/libnds/lib\libnds9.a(initSystem.o)
fifo_value32_queue  0x40              c:/devkitPro/libnds/lib\libnds9.a(fifosystem.o)
fifo_data_queue     0x40              c:/devkitPro/libnds/lib\libnds9.a(fifosystem.o)
RAM                 0x10000           Memory.o
punixTime           0x4               c:/devkitpro/devkitarm/bin/../lib/gcc/arm-eabi/4.4.2/../../../../arm-eabi/lib/thumb\libsysbase.a(times.o)
fifo_address_data   0x40              c:/devkitPro/libnds/lib\libnds9.a(fifosystem.o)
fifo_datamsg_func   0x40              c:/devkitPro/libnds/lib\libnds9.a(fifosystem.o)
fifo_address_queue  0x40              c:/devkitPro/libnds/lib\libnds9.a(fifosystem.o)

Memory Configuration

Name             Origin             Length             Attributes
rom              0x08000000         0x02000000
ewram            0x02000000         0x003ff000
dtcm             0x0b000000         0x00004000
vectors          0x01000000         0x00000100
itcm             0x01000100         0x00007f00
*default*        0x00000000         0xffffffff

Linker script and memory map

                0x01000000                __vectors_start = 0x1000000
                0x01000100                __itcm_start = 0x1000100
                0x023ff000                __ewram_end = 0x23ff000
                0x023ff000                __eheap_end = 0x23ff000
                0x0b000000                __dtcm_start = 0xb000000
                0x0b004000                __dtcm_top = 0xb004000
                0x0b003ff8                __irq_flags = (__dtcm_top - 0x8)
                0x0b003ffc                __irq_vector = (__dtcm_top - 0x4)
                0x0b003f00                __sp_svc = (__dtcm_top - 0x100)
                0x0b003e00                __sp_irq = (__sp_svc - 0x100)
                0x0b003d00                __sp_usr = (__sp_irq - 0x100)

.init           0x02000000      0x21c
                0x02000000                __text_start = .
 *(.init)
 .init          0x02000000      0x210 c:/devkitpro/devkitarm/bin/../lib/gcc/arm-eabi/4.4.2/../../../../arm-eabi/lib/thumb/ds_arm9_crt0.o
                0x02000000                _start
 .init          0x02000210        0x4 c:/devkitpro/devkitarm/bin/../lib/gcc/arm-eabi/4.4.2/thumb/crti.o
                0x02000210                _init
 .init          0x02000214        0x8 c:/devkitpro/devkitarm/bin/../lib/gcc/arm-eabi/4.4.2/thumb/crtn.o
                0x0200021c                . = ALIGN (0x4)

.plt
 *(.plt)

.text           0x02000220     0x1558
 *(EXCLUDE_FILE(*.itcm*) .text)
 .text          0x02000220        0x0 c:/devkitpro/devkitarm/bin/../lib/gcc/arm-eabi/4.4.2/../../../../arm-eabi/lib/thumb/ds_arm9_crt0.o
 .text          0x02000220        0x0 c:/devkitpro/devkitarm/bin/../lib/gcc/arm-eabi/4.4.2/thumb/crti.o
 .text          0x02000220       0x6c c:/devkitpro/devkitarm/bin/../lib/gcc/arm-eabi/4.4.2/thumb/crtbegin.o
 .text          0x0200028c        0xc Main.o
                0x0200028c                main
 .text          0x02000298       0x40 Memory.o
                0x02000298                read8
                0x020002a4                read16
                0x020002bc                write8
                0x020002c8                write8Fast
                0x020002d4                write16
 .text          0x020002d8       0x28 Processor.o
                0x020002d8                executeFrame
 .text          0x02000300       0xf4 c:/devkitPro/libnds/lib\libnds9.a(initSystem.o)
                0x02000300                initSystem
 .text          0x020003f4      0xcd0 c:/devkitPro/libnds/lib\libnds9.a(fifosystem.o)
                0x02000588                fifoSendAddress
                0x020005c0                fifoSendValue32
                0x02000608                fifoGetAddress
                0x02000678                fifoSetAddressHandler
                0x020006ec                fifoGetValue32
                0x0200075c                fifoSetValue32Handler
                0x020007d0                fifoCheckAddress
                0x020007f4                fifoCheckDatamsg
                0x02000818                fifoCheckValue32
                0x020008e0                fifoInit
                0x02000aa0                fifoGetDatamsg
                0x02000fac                fifoSetDatamsgHandler
                0x02001054                fifoSendDatamsg
 .text          0x020010c4      0x1d8 c:/devkitPro/libnds/lib\libnds9.a(interrupts.o)
                0x020010c4                irqDummy
                0x020010c8                irqSet
                0x02001134                irqInit
                0x02001180                irqInitHandler
                0x020011b0                irqEnable
                0x02001210                irqDisable
                0x02001270                irqClear
 .text          0x0200129c        0x4 c:/devkitPro/libnds/lib\libnds9.a(libnds_exit.o)
                0x0200129c                __libnds_exit
 .text          0x020012a0      0x1d4 c:/devkitPro/libnds/lib\libnds9.a(mpu_setup.o)
                0x020012a0                __libnds_mpu_setup
                0x02001400                memCached
                0x02001418                memUncached
 *fill*         0x02001474        0xc ff
 .text          0x02001480       0x70 c:/devkitPro/libnds/lib\libnds9.a(biosCalls.o)
                0x02001480                swiSoftReset
                0x02001484                swiDelay
                0x02001488                swiIntrWait
                0x0200148c                swiWaitForVBlank
                0x02001490                swiSleep
                0x02001494                swiChangeSoundBias
                0x02001498                swiDivide
                0x0200149c                swiRemainder
                0x020014a2                swiDivMod
                0x020014ae                swiCopy
                0x020014b2                swiFastCopy
                0x020014b6                swiSqrt
                0x020014ba                swiCRC16
                0x020014be                swiIsDebugger
                0x020014c2                swiUnpackBits
                0x020014c6                swiDecompressLZSSWram
                0x020014ca                swiDecompressLZSSVram
                0x020014ce                swiDecompressHuffman
                0x020014d2                swiDecompressRLEWram
                0x020014d6                swiDecompressRLEVram
                0x020014da                swiWaitForIRQ
                0x020014de                swiDecodeDelta8
                0x020014e2                swiDecodeDelta16
                0x020014e6                swiSetHaltCR
 .text          0x020014f0        0x0 c:/devkitPro/libnds/lib\libnds9.a(interruptDispatcher.o)
 .text          0x020014f0       0xdc c:/devkitPro/libnds/lib\libnds9.a(system.o)
                0x020014f0                ledBlink
                0x02001504                powerOff
                0x02001530                powerOn
                0x02001560                systemSleep
                0x02001578                powerValueHandler
                0x02001588                systemMsgHandler
 .text          0x020015cc       0x84 c:/devkitpro/devkitarm/bin/../lib/gcc/arm-eabi/4.4.2/../../../../arm-eabi/lib/thumb\libg.a(lib_a-init.o)
                0x020015cc                __libc_fini_array
                0x020015fc                __libc_init_array
 .text          0x02001650       0x80 c:/devkitpro/devkitarm/bin/../lib/gcc/arm-eabi/4.4.2/../../../../arm-eabi/lib/thumb\libg.a(lib_a-memcpy.o)
                0x02001650                memcpy
 .text          0x020016d0       0x48 c:/devkitpro/devkitarm/bin/../lib/gcc/arm-eabi/4.4.2/../../../../arm-eabi/lib/thumb\libsysbase.a(times.o)
                0x020016d0                _times_r
                0x020016d8                _gettimeofday_r
                0x02001704                _times
 .text          0x02001718        0x0 c:/devkitpro/devkitarm/bin/../lib/gcc/arm-eabi/4.4.2/../../../../arm-eabi/lib/thumb\libsysbase.a(malloc_vars.o)
 .text          0x02001718       0x54 c:/devkitpro/devkitarm/bin/../lib/gcc/arm-eabi/4.4.2/../../../../arm-eabi/lib/thumb\libsysbase.a(build_argv.o)
                0x02001718                build_argv
 .text          0x0200176c        0xc c:/devkitpro/devkitarm/bin/../lib/gcc/arm-eabi/4.4.2/../../../../arm-eabi/lib/thumb\libg.a(lib_a-errno.o)
                0x0200176c                __errno
 .text          0x02001778        0x0 c:/devkitpro/devkitarm/bin/../lib/gcc/arm-eabi/4.4.2/../../../../arm-eabi/lib/thumb\libg.a(lib_a-impure.o)
 .text          0x02001778        0x0 c:/devkitpro/devkitarm/bin/../lib/gcc/arm-eabi/4.4.2/thumb/crtend.o
 .text          0x02001778        0x0 c:/devkitpro/devkitarm/bin/../lib/gcc/arm-eabi/4.4.2/thumb/crtn.o
 *(.text.*)
 *(.stub)
 *(.gnu.warning)
 *(.gnu.linkonce.t*)
 *(.glue_7)
 .glue_7        0x00000000        0x0 linker stubs
 *(.glue_7t)
 .glue_7t       0x00000000        0x0 linker stubs
                0x02001778                . = ALIGN (0x4)

.vfp11_veneer   0x00000000        0x0 load address 0x02001778
 .vfp11_veneer  0x00000000        0x0 linker stubs

.v4_bx          0x00000000        0x0 load address 0x02001778
 .v4_bx         0x00000000        0x0 linker stubs

.fini           0x02001778        0xc
 *(.fini)
 .fini          0x02001778        0x4 c:/devkitpro/devkitarm/bin/../lib/gcc/arm-eabi/4.4.2/thumb/crti.o
                0x02001778                _fini
 .fini          0x0200177c        0x8 c:/devkitpro/devkitarm/bin/../lib/gcc/arm-eabi/4.4.2/thumb/crtn.o
                0x02001784                __text_end = .

.rodata         0x02001784        0x8
 *(.rodata)
 .rodata        0x02001784        0x4 c:/devkitpro/devkitarm/bin/../lib/gcc/arm-eabi/4.4.2/../../../../arm-eabi/lib/thumb\libg.a(lib_a-impure.o)
                0x02001784                _global_impure_ptr
 *all.rodata*(*)
 *(.roda)
 *(.rodata.*)
 .rodata.str1.4
                0x02001788        0x4 c:/devkitpro/devkitarm/bin/../lib/gcc/arm-eabi/4.4.2/../../../../arm-eabi/lib/thumb\libg.a(lib_a-impure.o)
 *(.gnu.linkonce.r*)
                0x0200178c                . = ALIGN (0x4)

.ARM.extab
 *(.ARM.extab* .gnu.linkonce.armextab.*)
                0x0200178c                __exidx_start = .

.ARM.exidx
 *(.ARM.exidx* .gnu.linkonce.armexidx.*)
                0x0200178c                __exidx_end = .
                0x0200178c                . = ALIGN (0x4)
                0x0200178c                PROVIDE (__preinit_array_start, .)

.preinit_array
 *(.preinit_array)
                0x0200178c                PROVIDE (__preinit_array_end, .)
                0x0200178c                PROVIDE (__init_array_start, .)

.init_array     0x0200178c        0x4
 *(.init_array)
 .init_array    0x0200178c        0x4 c:/devkitpro/devkitarm/bin/../lib/gcc/arm-eabi/4.4.2/thumb/crtbegin.o
                0x02001790                PROVIDE (__init_array_end, .)
                0x02001790                PROVIDE (__fini_array_start, .)

.fini_array     0x02001790        0x4
 *(.fini_array)
 .fini_array    0x02001790        0x4 c:/devkitpro/devkitarm/bin/../lib/gcc/arm-eabi/4.4.2/thumb/crtbegin.o
                0x02001794                PROVIDE (__fini_array_end, .)

.ctors          0x02001794        0x0
 *crtbegin.o(.ctors)
 *(EXCLUDE_FILE(*crtend.o) .ctors)
 *(SORT(.ctors.*))
 *(.ctors)
                0x02001794                . = ALIGN (0x4)

.dtors          0x02001794        0x0
 *crtbegin.o(.dtors)
 *(EXCLUDE_FILE(*crtend.o) .dtors)
 *(SORT(.dtors.*))
 *(.dtors)
                0x02001794                . = ALIGN (0x4)

.eh_frame       0x02001794        0x4
 *(.eh_frame)
 .eh_frame      0x02001794        0x0 c:/devkitpro/devkitarm/bin/../lib/gcc/arm-eabi/4.4.2/thumb/crtbegin.o
 .eh_frame      0x02001794        0x4 c:/devkitpro/devkitarm/bin/../lib/gcc/arm-eabi/4.4.2/thumb/crtend.o
                0x02001798                . = ALIGN (0x4)

.gcc_except_table
                0x02001798        0x0
 *(.gcc_except_table)
                0x02001798                . = ALIGN (0x4)

.jcr            0x02001798        0x4
 *(.jcr)
 .jcr           0x02001798        0x0 c:/devkitpro/devkitarm/bin/../lib/gcc/arm-eabi/4.4.2/thumb/crtbegin.o
 .jcr           0x02001798        0x4 c:/devkitpro/devkitarm/bin/../lib/gcc/arm-eabi/4.4.2/thumb/crtend.o

.got
 *(.got.plt)
 *(.got)
 *(.rel.got)

.ewram          0x0200179c        0x0
                0x0200179c                __ewram_start = ABSOLUTE (.)
 *(.ewram)
 *ewram.*(.text)
                0x0200179c                . = ALIGN (0x4)

.data           0x0200179c      0x45c
                0x0200179c                __data_start = ABSOLUTE (.)
 *(.data)
 .data          0x0200179c        0x0 c:/devkitpro/devkitarm/bin/../lib/gcc/arm-eabi/4.4.2/../../../../arm-eabi/lib/thumb/ds_arm9_crt0.o
 .data          0x0200179c        0x0 c:/devkitpro/devkitarm/bin/../lib/gcc/arm-eabi/4.4.2/thumb/crti.o
 .data          0x0200179c        0x4 c:/devkitpro/devkitarm/bin/../lib/gcc/arm-eabi/4.4.2/thumb/crtbegin.o
                0x0200179c                __dso_handle
 .data          0x020017a0        0x0 Main.o
 .data          0x020017a0        0x0 Memory.o
 .data          0x020017a0       0x14 Processor.o
 .data          0x020017b4        0x0 c:/devkitPro/libnds/lib\libnds9.a(initSystem.o)
 .data          0x020017b4       0x10 c:/devkitPro/libnds/lib\libnds9.a(fifosystem.o)
                0x020017b4                fifo_freewords
                0x020017b8                fifo_send_queue
                0x020017bc                fifo_buffer_free
                0x020017c0                fifo_receive_queue
 .data          0x020017c4        0x0 c:/devkitPro/libnds/lib\libnds9.a(interrupts.o)
 .data          0x020017c4        0x0 c:/devkitPro/libnds/lib\libnds9.a(libnds_exit.o)
 .data          0x020017c4        0x0 c:/devkitPro/libnds/lib\libnds9.a(mpu_setup.o)
 .data          0x020017c4        0x0 c:/devkitPro/libnds/lib\libnds9.a(biosCalls.o)
 .data          0x020017c4        0x0 c:/devkitPro/libnds/lib\libnds9.a(interruptDispatcher.o)
 .data          0x020017c4        0x0 c:/devkitPro/libnds/lib\libnds9.a(system.o)
 .data          0x020017c4        0x0 c:/devkitpro/devkitarm/bin/../lib/gcc/arm-eabi/4.4.2/../../../../arm-eabi/lib/thumb\libg.a(lib_a-init.o)
 .data          0x020017c4        0x0 c:/devkitpro/devkitarm/bin/../lib/gcc/arm-eabi/4.4.2/../../../../arm-eabi/lib/thumb\libg.a(lib_a-memcpy.o)
 .data          0x020017c4        0x0 c:/devkitpro/devkitarm/bin/../lib/gcc/arm-eabi/4.4.2/../../../../arm-eabi/lib/thumb\libsysbase.a(times.o)
 .data          0x020017c4        0x0 c:/devkitpro/devkitarm/bin/../lib/gcc/arm-eabi/4.4.2/../../../../arm-eabi/lib/thumb\libsysbase.a(malloc_vars.o)
 .data          0x020017c4        0x0 c:/devkitpro/devkitarm/bin/../lib/gcc/arm-eabi/4.4.2/../../../../arm-eabi/lib/thumb\libsysbase.a(build_argv.o)
 .data          0x020017c4        0x0 c:/devkitpro/devkitarm/bin/../lib/gcc/arm-eabi/4.4.2/../../../../arm-eabi/lib/thumb\libg.a(lib_a-errno.o)
 *fill*         0x020017c4        0x4 ff
 .data          0x020017c8      0x430 c:/devkitpro/devkitarm/bin/../lib/gcc/arm-eabi/4.4.2/../../../../arm-eabi/lib/thumb\libg.a(lib_a-impure.o)
                0x020017c8                _impure_ptr
 .data          0x02001bf8        0x0 c:/devkitpro/devkitarm/bin/../lib/gcc/arm-eabi/4.4.2/thumb/crtend.o
 .data          0x02001bf8        0x0 c:/devkitpro/devkitarm/bin/../lib/gcc/arm-eabi/4.4.2/thumb/crtn.o
 *(.data.*)
 *(.gnu.linkonce.d*)
                0x02001bf8                . = ALIGN (0x4)
                0x02001bf8                __data_end = ABSOLUTE (.)
                0x02001bf8                __dtcm_lma = .
                0x02001bf8                __bss_vma = .

.dtcm           0x0b000000        0x0 load address 0x02001bf8
 *(.dtcm)
 *(.dtcm.*)
                0x0b000000                . = ALIGN (0x4)
                0x0b000000                __dtcm_end = ABSOLUTE (.)
                0x02001bf8                __itcm_lma = (__dtcm_lma + SIZEOF (.dtcm))

.itcm           0x01000100      0x190 load address 0x02001bf8
 *(.itcm)
 .itcm          0x01000100       0xc8 c:/devkitPro/libnds/lib\libnds9.a(interrupts.o)
                0x01000100                irqTable
 .itcm          0x010001c8       0xc8 c:/devkitPro/libnds/lib\libnds9.a(interruptDispatcher.o)
                0x010001c8                IntrMain
 *itcm.*(.text)
                0x01000290                . = ALIGN (0x4)
                0x01000290                __itcm_end = ABSOLUTE (.)
                0x02001d88                __vectors_lma = (__itcm_lma + SIZEOF (.itcm))

.vectors        0x01000000        0x0 load address 0x02001d88
 *(.vectors)
 *vectors.*(.text)
                0x01000000                . = ALIGN (0x4)
                0x01000000                __vectors_end = ABSOLUTE (.)

.sbss           0x0b000000        0x0
                0x0b000000                __sbss_start = ABSOLUTE (.)
                0x0b000000                __sbss_start__ = ABSOLUTE (.)
 *(.sbss)
                0x0b000000                . = ALIGN (0x4)
                0x0b000000                __sbss_end = ABSOLUTE (.)

.bss            0x02001bf8    0x10a74
                0x02001bf8                __bss_start = ABSOLUTE (.)
                0x02001bf8                __bss_start__ = ABSOLUTE (.)
 *(.dynbss)
 *(.gnu.linkonce.b*)
 *(.bss*)
 .bss           0x02001bf8        0x0 c:/devkitpro/devkitarm/bin/../lib/gcc/arm-eabi/4.4.2/../../../../arm-eabi/lib/thumb/ds_arm9_crt0.o
 .bss           0x02001bf8        0x0 c:/devkitpro/devkitarm/bin/../lib/gcc/arm-eabi/4.4.2/thumb/crti.o
 .bss           0x02001bf8       0x1c c:/devkitpro/devkitarm/bin/../lib/gcc/arm-eabi/4.4.2/thumb/crtbegin.o
 .bss           0x02001c14        0x0 Main.o
 .bss           0x02001c14        0x0 Memory.o
 .bss           0x02001c14        0x0 Processor.o
 .bss           0x02001c14        0x0 c:/devkitPro/libnds/lib\libnds9.a(initSystem.o)
 .bss           0x02001c14        0x8 c:/devkitPro/libnds/lib\libnds9.a(fifosystem.o)
                0x02001c18                processing
 .bss           0x02001c1c        0x0 c:/devkitPro/libnds/lib\libnds9.a(interrupts.o)
 .bss           0x02001c1c        0x0 c:/devkitPro/libnds/lib\libnds9.a(libnds_exit.o)
 .bss           0x02001c1c        0x0 c:/devkitPro/libnds/lib\libnds9.a(mpu_setup.o)
 .bss           0x02001c1c        0x0 c:/devkitPro/libnds/lib\libnds9.a(biosCalls.o)
 .bss           0x02001c1c        0x0 c:/devkitPro/libnds/lib\libnds9.a(interruptDispatcher.o)
 .bss           0x02001c1c        0x0 c:/devkitPro/libnds/lib\libnds9.a(system.o)
 .bss           0x02001c1c        0x0 c:/devkitpro/devkitarm/bin/../lib/gcc/arm-eabi/4.4.2/../../../../arm-eabi/lib/thumb\libg.a(lib_a-init.o)
 .bss           0x02001c1c        0x0 c:/devkitpro/devkitarm/bin/../lib/gcc/arm-eabi/4.4.2/../../../../arm-eabi/lib/thumb\libg.a(lib_a-memcpy.o)
 .bss           0x02001c1c        0x0 c:/devkitpro/devkitarm/bin/../lib/gcc/arm-eabi/4.4.2/../../../../arm-eabi/lib/thumb\libsysbase.a(times.o)
 .bss           0x02001c1c        0x8 c:/devkitpro/devkitarm/bin/../lib/gcc/arm-eabi/4.4.2/../../../../arm-eabi/lib/thumb\libsysbase.a(malloc_vars.o)
                0x02001c1c                fake_heap_end
                0x02001c20                fake_heap_start
 .bss           0x02001c24        0x0 c:/devkitpro/devkitarm/bin/../lib/gcc/arm-eabi/4.4.2/../../../../arm-eabi/lib/thumb\libsysbase.a(build_argv.o)
 .bss           0x02001c24        0x0 c:/devkitpro/devkitarm/bin/../lib/gcc/arm-eabi/4.4.2/../../../../arm-eabi/lib/thumb\libg.a(lib_a-errno.o)
 .bss           0x02001c24        0x0 c:/devkitpro/devkitarm/bin/../lib/gcc/arm-eabi/4.4.2/../../../../arm-eabi/lib/thumb\libg.a(lib_a-impure.o)
 .bss           0x02001c24        0x0 c:/devkitpro/devkitarm/bin/../lib/gcc/arm-eabi/4.4.2/thumb/crtend.o
 .bss           0x02001c24        0x0 c:/devkitpro/devkitarm/bin/../lib/gcc/arm-eabi/4.4.2/thumb/crtn.o
 *(COMMON)
 COMMON         0x02001c24    0x10000 Memory.o
                0x02001c24                RAM
 COMMON         0x02011c24        0x4 c:/devkitPro/libnds/lib\libnds9.a(initSystem.o)
                0x02011c24                theTime
 COMMON         0x02011c28      0xa40 c:/devkitPro/libnds/lib\libnds9.a(fifosystem.o)
                0x02011c28                fifo_datamsg_data
                0x02011c68                fifo_buffer
                0x02012468                fifo_value32_func
                0x020124a8                fifo_address_func
                0x020124e8                fifo_value32_data
                0x02012528                fifo_value32_queue
                0x02012568                fifo_data_queue
                0x020125a8                fifo_address_data
                0x020125e8                fifo_datamsg_func
                0x02012628                fifo_address_queue
 COMMON         0x02012668        0x4 c:/devkitpro/devkitarm/bin/../lib/gcc/arm-eabi/4.4.2/../../../../arm-eabi/lib/thumb\libsysbase.a(times.o)
                0x02012668                punixTime
                0x0201266c                . = ALIGN (0x4)
                0x0201266c                __bss_end = ABSOLUTE (.)
                0x0201266c                __bss_end__ = __bss_end
                0x0201266c                _end = __bss_end__
                0x0201266c                __end__ = __bss_end__

.stab
 *(.stab)

.stabstr
 *(.stabstr)

.stab.excl
 *(.stab.excl)

.stab.exclstr
 *(.stab.exclstr)

.stab.index
 *(.stab.index)

.stab.indexstr
 *(.stab.indexstr)

.ARM.attributes
                0x00000000       0x2d load address 0x02001bf8
 .ARM.attributes
                0x00000000       0x21 c:/devkitpro/devkitarm/bin/../lib/gcc/arm-eabi/4.4.2/../../../../arm-eabi/lib/thumb/ds_arm9_crt0.o
 .ARM.attributes
                0x00000021       0x20 c:/devkitpro/devkitarm/bin/../lib/gcc/arm-eabi/4.4.2/thumb/crti.o
 .ARM.attributes
                0x00000041       0x30 c:/devkitpro/devkitarm/bin/../lib/gcc/arm-eabi/4.4.2/thumb/crtbegin.o
 .ARM.attributes
                0x00000071       0x27 Main.o
 .ARM.attributes
                0x00000098       0x27 Memory.o
 .ARM.attributes
                0x000000bf       0x20 Processor.o
 .ARM.attributes
                0x000000df       0x27 c:/devkitPro/libnds/lib\libnds9.a(initSystem.o)
 .ARM.attributes
                0x00000106       0x27 c:/devkitPro/libnds/lib\libnds9.a(fifosystem.o)
 .ARM.attributes
                0x0000012d       0x27 c:/devkitPro/libnds/lib\libnds9.a(interrupts.o)
 .ARM.attributes
                0x00000154       0x27 c:/devkitPro/libnds/lib\libnds9.a(libnds_exit.o)
 .ARM.attributes
                0x0000017b       0x21 c:/devkitPro/libnds/lib\libnds9.a(mpu_setup.o)
 .ARM.attributes
                0x0000019c       0x1b c:/devkitPro/libnds/lib\libnds9.a(biosCalls.o)
 .ARM.attributes
                0x000001b7       0x1b c:/devkitPro/libnds/lib\libnds9.a(interruptDispatcher.o)
 .ARM.attributes
                0x000001d2       0x27 c:/devkitPro/libnds/lib\libnds9.a(system.o)
 .ARM.attributes
                0x000001f9       0x30 c:/devkitpro/devkitarm/bin/../lib/gcc/arm-eabi/4.4.2/../../../../arm-eabi/lib/thumb\libg.a(lib_a-init.o)
 .ARM.attributes
                0x00000229       0x30 c:/devkitpro/devkitarm/bin/../lib/gcc/arm-eabi/4.4.2/../../../../arm-eabi/lib/thumb\libg.a(lib_a-memcpy.o)
 .ARM.attributes
                0x00000259       0x30 c:/devkitpro/devkitarm/bin/../lib/gcc/arm-eabi/4.4.2/../../../../arm-eabi/lib/thumb\libsysbase.a(times.o)
 .ARM.attributes
                0x00000289       0x30 c:/devkitpro/devkitarm/bin/../lib/gcc/arm-eabi/4.4.2/../../../../arm-eabi/lib/thumb\libsysbase.a(malloc_vars.o)
 .ARM.attributes
                0x000002b9       0x30 c:/devkitpro/devkitarm/bin/../lib/gcc/arm-eabi/4.4.2/../../../../arm-eabi/lib/thumb\libsysbase.a(build_argv.o)
 .ARM.attributes
                0x000002e9       0x30 c:/devkitpro/devkitarm/bin/../lib/gcc/arm-eabi/4.4.2/../../../../arm-eabi/lib/thumb\libg.a(lib_a-errno.o)
 .ARM.attributes
                0x00000319       0x30 c:/devkitpro/devkitarm/bin/../lib/gcc/arm-eabi/4.4.2/../../../../arm-eabi/lib/thumb\libg.a(lib_a-impure.o)
 .ARM.attributes
                0x00000349       0x30 c:/devkitpro/devkitarm/bin/../lib/gcc/arm-eabi/4.4.2/thumb/crtend.o
 .ARM.attributes
                0x00000379       0x20 c:/devkitpro/devkitarm/bin/../lib/gcc/arm-eabi/4.4.2/thumb/crtn.o

.comment        0x00000000       0x22 load address 0x02001bf8
 *(.comment)
 .comment       0x00000000       0x22 c:/devkitpro/devkitarm/bin/../lib/gcc/arm-eabi/4.4.2/thumb/crtbegin.o
                                 0x23 (size before relaxing)
 .comment       0x00000000       0x23 Main.o
 .comment       0x00000000       0x23 Memory.o
 .comment       0x00000000       0x23 c:/devkitPro/libnds/lib\libnds9.a(initSystem.o)
 .comment       0x00000000       0x23 c:/devkitPro/libnds/lib\libnds9.a(fifosystem.o)
 .comment       0x00000000       0x23 c:/devkitPro/libnds/lib\libnds9.a(interrupts.o)
 .comment       0x00000000       0x23 c:/devkitPro/libnds/lib\libnds9.a(libnds_exit.o)
 .comment       0x00000000       0x23 c:/devkitPro/libnds/lib\libnds9.a(system.o)
 .comment       0x00000000       0x23 c:/devkitpro/devkitarm/bin/../lib/gcc/arm-eabi/4.4.2/../../../../arm-eabi/lib/thumb\libg.a(lib_a-init.o)
 .comment       0x00000000       0x23 c:/devkitpro/devkitarm/bin/../lib/gcc/arm-eabi/4.4.2/../../../../arm-eabi/lib/thumb\libg.a(lib_a-memcpy.o)
 .comment       0x00000000       0x23 c:/devkitpro/devkitarm/bin/../lib/gcc/arm-eabi/4.4.2/../../../../arm-eabi/lib/thumb\libsysbase.a(times.o)
 .comment       0x00000000       0x23 c:/devkitpro/devkitarm/bin/../lib/gcc/arm-eabi/4.4.2/../../../../arm-eabi/lib/thumb\libsysbase.a(malloc_vars.o)
 .comment       0x00000000       0x23 c:/devkitpro/devkitarm/bin/../lib/gcc/arm-eabi/4.4.2/../../../../arm-eabi/lib/thumb\libsysbase.a(build_argv.o)
 .comment       0x00000000       0x23 c:/devkitpro/devkitarm/bin/../lib/gcc/arm-eabi/4.4.2/../../../../arm-eabi/lib/thumb\libg.a(lib_a-errno.o)
 .comment       0x00000000       0x23 c:/devkitpro/devkitarm/bin/../lib/gcc/arm-eabi/4.4.2/../../../../arm-eabi/lib/thumb\libg.a(lib_a-impure.o)
 .comment       0x00000000       0x23 c:/devkitpro/devkitarm/bin/../lib/gcc/arm-eabi/4.4.2/thumb/crtend.o

.debug
 *(.debug)

.line
 *(.line)

.debug_srcinfo
 *(.debug_srcinfo)

.debug_sfnames
 *(.debug_sfnames)

.debug_aranges  0x00000000      0x160 load address 0x02001bf8
 *(.debug_aranges)
 .debug_aranges
                0x00000000       0x20 Main.o
 .debug_aranges
                0x00000020       0x20 Memory.o
 .debug_aranges
                0x00000040       0x20 Processor.o
 .debug_aranges
                0x00000060       0x20 c:/devkitPro/libnds/lib\libnds9.a(initSystem.o)
 .debug_aranges
                0x00000080       0x20 c:/devkitPro/libnds/lib\libnds9.a(fifosystem.o)
 .debug_aranges
                0x000000a0       0x20 c:/devkitPro/libnds/lib\libnds9.a(interrupts.o)
 .debug_aranges
                0x000000c0       0x20 c:/devkitPro/libnds/lib\libnds9.a(libnds_exit.o)
 .debug_aranges
                0x000000e0       0x20 c:/devkitPro/libnds/lib\libnds9.a(mpu_setup.o)
 .debug_aranges
                0x00000100       0x20 c:/devkitPro/libnds/lib\libnds9.a(biosCalls.o)
 .debug_aranges
                0x00000120       0x20 c:/devkitPro/libnds/lib\libnds9.a(interruptDispatcher.o)
 .debug_aranges
                0x00000140       0x20 c:/devkitPro/libnds/lib\libnds9.a(system.o)

.debug_pubnames
                0x00000000      0x40d load address 0x02001bf8
 *(.debug_pubnames)
 .debug_pubnames
                0x00000000       0x1b Main.o
 .debug_pubnames
                0x0000001b       0x55 Memory.o
 .debug_pubnames
                0x00000070       0x2d c:/devkitPro/libnds/lib\libnds9.a(initSystem.o)
 .debug_pubnames
                0x0000009d      0x259 c:/devkitPro/libnds/lib\libnds9.a(fifosystem.o)
 .debug_pubnames
                0x000002f6       0x80 c:/devkitPro/libnds/lib\libnds9.a(interrupts.o)
 .debug_pubnames
                0x00000376       0x24 c:/devkitPro/libnds/lib\libnds9.a(libnds_exit.o)
 .debug_pubnames
                0x0000039a       0x73 c:/devkitPro/libnds/lib\libnds9.a(system.o)

.debug_info     0x00000000     0x21ed load address 0x02001bf8
 *(.debug_info)
 .debug_info    0x00000000       0x64 Main.o
 .debug_info    0x00000064      0x173 Memory.o
 .debug_info    0x000001d7       0xc9 Processor.o
 .debug_info    0x000002a0      0x416 c:/devkitPro/libnds/lib\libnds9.a(initSystem.o)
 .debug_info    0x000006b6      0xf89 c:/devkitPro/libnds/lib\libnds9.a(fifosystem.o)
 .debug_info    0x0000163f      0x340 c:/devkitPro/libnds/lib\libnds9.a(interrupts.o)
 .debug_info    0x0000197f       0x4f c:/devkitPro/libnds/lib\libnds9.a(libnds_exit.o)
 .debug_info    0x000019ce       0xc8 c:/devkitPro/libnds/lib\libnds9.a(mpu_setup.o)
 .debug_info    0x00001a96       0xc3 c:/devkitPro/libnds/lib\libnds9.a(biosCalls.o)
 .debug_info    0x00001b59       0xcd c:/devkitPro/libnds/lib\libnds9.a(interruptDispatcher.o)
 .debug_info    0x00001c26      0x5c7 c:/devkitPro/libnds/lib\libnds9.a(system.o)

.debug_abbrev   0x00000000      0x8ec load address 0x02001bf8
 *(.debug_abbrev)
 .debug_abbrev  0x00000000       0x3d Main.o
 .debug_abbrev  0x0000003d       0xaf Memory.o
 .debug_abbrev  0x000000ec       0x14 Processor.o
 .debug_abbrev  0x00000100      0x15f c:/devkitPro/libnds/lib\libnds9.a(initSystem.o)
 .debug_abbrev  0x0000025f      0x322 c:/devkitPro/libnds/lib\libnds9.a(fifosystem.o)
 .debug_abbrev  0x00000581      0x170 c:/devkitPro/libnds/lib\libnds9.a(interrupts.o)
 .debug_abbrev  0x000006f1       0x43 c:/devkitPro/libnds/lib\libnds9.a(libnds_exit.o)
 .debug_abbrev  0x00000734       0x14 c:/devkitPro/libnds/lib\libnds9.a(mpu_setup.o)
 .debug_abbrev  0x00000748       0x14 c:/devkitPro/libnds/lib\libnds9.a(biosCalls.o)
 .debug_abbrev  0x0000075c       0x14 c:/devkitPro/libnds/lib\libnds9.a(interruptDispatcher.o)
 .debug_abbrev  0x00000770      0x17c c:/devkitPro/libnds/lib\libnds9.a(system.o)

.debug_line     0x00000000     0x11be load address 0x02001bf8
 *(.debug_line)
 .debug_line    0x00000000       0x82 Main.o
 .debug_line    0x00000082       0xf2 Memory.o
 .debug_line    0x00000174       0x8f Processor.o
 .debug_line    0x00000203      0x2d8 c:/devkitPro/libnds/lib\libnds9.a(initSystem.o)
 .debug_line    0x000004db      0x5db c:/devkitPro/libnds/lib\libnds9.a(fifosystem.o)
 .debug_line    0x00000ab6      0x1b5 c:/devkitPro/libnds/lib\libnds9.a(interrupts.o)
 .debug_line    0x00000c6b       0x88 c:/devkitPro/libnds/lib\libnds9.a(libnds_exit.o)
 .debug_line    0x00000cf3       0xeb c:/devkitPro/libnds/lib\libnds9.a(mpu_setup.o)
 .debug_line    0x00000dde       0xc3 c:/devkitPro/libnds/lib\libnds9.a(biosCalls.o)
 .debug_line    0x00000ea1       0xc1 c:/devkitPro/libnds/lib\libnds9.a(interruptDispatcher.o)
 .debug_line    0x00000f62      0x25c c:/devkitPro/libnds/lib\libnds9.a(system.o)

.debug_frame    0x00000000      0x518 load address 0x02001bf8
 *(.debug_frame)
 .debug_frame   0x00000000       0x2c Main.o
 .debug_frame   0x0000002c       0x60 Memory.o
 .debug_frame   0x0000008c       0x30 c:/devkitPro/libnds/lib\libnds9.a(initSystem.o)
 .debug_frame   0x000000bc      0x2bc c:/devkitPro/libnds/lib\libnds9.a(fifosystem.o)
 .debug_frame   0x00000378       0xc0 c:/devkitPro/libnds/lib\libnds9.a(interrupts.o)
 .debug_frame   0x00000438       0x28 c:/devkitPro/libnds/lib\libnds9.a(libnds_exit.o)
 .debug_frame   0x00000460       0xb8 c:/devkitPro/libnds/lib\libnds9.a(system.o)

.debug_str      0x00000000      0xe52 load address 0x02001bf8
 *(.debug_str)
 .debug_str     0x00000000       0x8f Main.o
                                 0xa1 (size before relaxing)
 .debug_str     0x0000008f       0x84 Memory.o
                                 0xd3 (size before relaxing)
 .debug_str     0x00000113      0x406 c:/devkitPro/libnds/lib\libnds9.a(initSystem.o)
                                0x48a (size before relaxing)
 .debug_str     0x00000519      0x552 c:/devkitPro/libnds/lib\libnds9.a(fifosystem.o)
                                0x728 (size before relaxing)
 .debug_str     0x00000a6b      0x13d c:/devkitPro/libnds/lib\libnds9.a(interrupts.o)
                                0x325 (size before relaxing)
 .debug_str     0x00000ba8       0x69 c:/devkitPro/libnds/lib\libnds9.a(libnds_exit.o)
                                 0x75 (size before relaxing)
 .debug_str     0x00000c11      0x241 c:/devkitPro/libnds/lib\libnds9.a(system.o)
                                0x444 (size before relaxing)

.debug_loc      0x00000000      0xf69 load address 0x02001bf8
 *(.debug_loc)
 .debug_loc     0x00000000       0x1f Main.o
 .debug_loc     0x0000001f       0x26 Memory.o
 .debug_loc     0x00000045       0x32 c:/devkitPro/libnds/lib\libnds9.a(initSystem.o)
 .debug_loc     0x00000077      0xc17 c:/devkitPro/libnds/lib\libnds9.a(fifosystem.o)
 .debug_loc     0x00000c8e      0x145 c:/devkitPro/libnds/lib\libnds9.a(interrupts.o)
 .debug_loc     0x00000dd3       0x1f c:/devkitPro/libnds/lib\libnds9.a(libnds_exit.o)
 .debug_loc     0x00000df2      0x177 c:/devkitPro/libnds/lib\libnds9.a(system.o)

.debug_macinfo
 *(.debug_macinfo)

.debug_weaknames
 *(.debug_weaknames)

.debug_funcnames
 *(.debug_funcnames)

.debug_typenames
 *(.debug_typenames)

.debug_varnames
 *(.debug_varnames)

.stack          0x00080000        0x0 load address 0x02001bf8
                0x00080000                _stack = .
 *(.stack)
LOAD c:/devkitpro/devkitarm/bin/../lib/gcc/arm-eabi/4.4.2/../../../../arm-eabi/lib/thumb/ds_arm9_crt0.o
LOAD c:/devkitpro/devkitarm/bin/../lib/gcc/arm-eabi/4.4.2/thumb/crti.o
LOAD c:/devkitpro/devkitarm/bin/../lib/gcc/arm-eabi/4.4.2/thumb/crtbegin.o
LOAD Main.o
LOAD Memory.o
LOAD Processor.o
LOAD c:/devkitPro/libnds/lib\libnds9.a
START GROUP
LOAD c:/devkitpro/devkitarm/bin/../lib/gcc/arm-eabi/4.4.2/thumb\libgcc.a
LOAD c:/devkitpro/devkitarm/bin/../lib/gcc/arm-eabi/4.4.2/../../../../arm-eabi/lib/thumb\libg.a
LOAD c:/devkitpro/devkitarm/bin/../lib/gcc/arm-eabi/4.4.2/../../../../arm-eabi/lib/thumb\libc.a
LOAD c:/devkitpro/devkitarm/bin/../lib/gcc/arm-eabi/4.4.2/../../../../arm-eabi/lib/thumb\libsysbase.a
END GROUP
LOAD c:/devkitpro/devkitarm/bin/../lib/gcc/arm-eabi/4.4.2/thumb/crtend.o
LOAD c:/devkitpro/devkitarm/bin/../lib/gcc/arm-eabi/4.4.2/thumb/crtn.o
OUTPUT(c:/Users/Matt.Matt-Win/Documents/College/Y4_Spring/Research/Emulator/Emulator.elf elf32-littlearm)

.debug_ranges   0x00000000      0x418 load address 0x02001bf8
 .debug_ranges  0x00000000      0x418 c:/devkitPro/libnds/lib\libnds9.a(fifosystem.o)
